
 RUN  v4.1.10 /home/user/Appli_BTP

 ❯ src/lib/ai/journal.postgrest.test.ts (6 tests | 3 failed) 2939ms
     × 1462 opérations : consommation et coût du mois exacts 80ms
     × 5000 opérations : consommation et coût du mois exacts 96ms
     × 20000 opérations : consommation et coût du mois exacts 105ms

⎯⎯⎯⎯⎯⎯⎯ Failed Tests 3 ⎯⎯⎯⎯⎯⎯⎯

 FAIL  src/lib/ai/journal.postgrest.test.ts > quota IA — PostgREST réel (max_rows = 1000) vs PostgreSQL > 1462 opérations : consommation et coût du mois exacts
AssertionError: expected 2000 to be 2924 // Object.is equality

- Expected
+ Received

- 2924
+ 2000

 ❯ src/lib/ai/journal.postgrest.test.ts:12:34


⎯⎯⎯⎯⎯⎯⎯⎯⎯⎯⎯⎯⎯⎯⎯⎯⎯⎯⎯⎯⎯⎯⎯⎯[1/3]⎯

 FAIL  src/lib/ai/journal.postgrest.test.ts > quota IA — PostgREST réel (max_rows = 1000) vs PostgreSQL > 5000 opérations : consommation et coût du mois exacts
AssertionError: expected 2000 to be 10001 // Object.is equality

- Expected
+ Received

- 10001
+ 2000

 ❯ src/lib/ai/journal.postgrest.test.ts:12:34


⎯⎯⎯⎯⎯⎯⎯⎯⎯⎯⎯⎯⎯⎯⎯⎯⎯⎯⎯⎯⎯⎯⎯⎯[2/3]⎯

 FAIL  src/lib/ai/journal.postgrest.test.ts > quota IA — PostgREST réel (max_rows = 1000) vs PostgreSQL > 20000 opérations : consommation et coût du mois exacts
AssertionError: expected 2000 to be 40001 // Object.is equality

- Expected
+ Received

- 40001
+ 2000

 ❯ src/lib/ai/journal.postgrest.test.ts:12:34


⎯⎯⎯⎯⎯⎯⎯⎯⎯⎯⎯⎯⎯⎯⎯⎯⎯⎯⎯⎯⎯⎯⎯⎯[3/3]⎯


 Test Files  1 failed (1)
      Tests  3 failed | 3 passed (6)
   Start at  01:48:34
   Duration  3.44s (transform 228ms, setup 0ms, import 308ms, tests 2.94s, environment 0ms)

