ELSATIA production → V9.x : cible 877a4b9f284150e5d4f06fd68250f3ea19ff62a1 (391 migrations) ; source h210_v500_rem (profil ACL supabase) ; travail h210_v500_rem_v9x ; fresh fresh_877a4b9f_p2_sb ; preuves <scratch>/run4
  pont d'upgrade proposé inséré : 20260921000298_pont_upgrade_lignes_factures_emises_avant_backfill.sql
  pont d'upgrade proposé inséré : 20260921000399_pont_upgrade_lignes_factures_emises_apres_backfill.sql

== 1. Snapshot avant ==
h210_v500_rem: 153 tables, 56188 lignes, 396 FK, 23 jeux critiques -> <scratch>/run4/avant
h210_v500_rem: inventaire sécurité/catalogue 15 familles, 6337 lignes -> <scratch>/run4/securite_avant
  ✅ empreintes, inventaire sécurité et sonde RLS de la source (jamais modifiée)

== 2. Ledger avant ==
  ledger : 210 versions, max 20260824000231

== 3. Classification des migrations ==
  déjà appliquées 210 ; en attente 183 (dont 13 hors ordre → --include-all) ; inattendues au ledger 0

== 4. Dry-run (copie jetable, chaque migration annulée après mesure) ==
  ✅ dry-run : 183 migrations rejouées sur copie jetable (12 s), base de travail intacte

== 5. Application (une transaction par migration, ledger inclus) ==
  183 migration(s) appliquée(s) en 19 s ; ledger 393 versions
  ✅ ledger après = les 391 fichiers de la cible + 2 pont(s)

== 6. Snapshot après ==
h210_v500_rem_v9x: 283 tables, 56535 lignes, 710 FK, 23 jeux critiques -> <scratch>/run4/apres
h210_v500_rem_v9x: inventaire sécurité/catalogue 15 familles, 12504 lignes -> <scratch>/run4/securite_apres

== 7. Comparaison schéma : upgradé vs fresh cible ==
  ordre de colonnes différent (toléré) : public.entreprises — premières colonnes déplacées : remise_motif_interne, remise_cree_par, remise_duree_mois
  schéma identique au fresh (36396 lignes normalisées ; 1 table(s) à ordre de colonnes différent)
  ✅ schéma upgradé = fresh cible (aux seules positions de colonnes près, listées)

== 8. Contrôles métier (pgTAP, transactions annulées) ==
  ✅ legacy_offers : 24/24
  ✅ security_isolation : 21/21

== 9-15. Sécurité et catalogue : upgradé = fresh cible (fermé) ; inventaire avant → après ==
  Fermeture upgradé = fresh cible : ✅ (15 familles, 12397 lignes)
  Avant → après : acl_colonnes 21→305 (-0/+284) ; acl_fonctions 834→2916 (-285/+2367) ; acl_schemas 12→15 (-0/+3) ; acl_tables 2689→3438 (-752/+1501) ; constraints 1039→2180 (-1/+1142) ; default_acl 19→5 (-14/+0) ; functions 278→972 (-58/+752) ; indexes 468→893 (-0/+425) ; policies 559→760 (-47/+248) ; rls 153→283 (-0/+130) ; storage 62→93 (-0/+31) ; triggers 91→530 (-2/+441) ; views 0→3 (-0/+3)
  Signaux bloquants : 0 ; à justifier : 1
     ⚠  privilège table ajouté à authenticated : public.lignes_inventaire|authenticated|SELECT|false
     ℹ  table nouvelle sans RLS, aucun privilège anon/authenticated (non exposée) : platform.documents_legaux_versions
     ℹ  table nouvelle sans RLS, aucun privilège anon/authenticated (non exposée) : platform.acceptations_documents_legaux
  RLS flags : 0 table(s) existante(s) modifiée(s) ; 120 table(s) nouvelle(s), toutes RLS : True
  Policies : 473 avant, 658 après ; supprimées 2, modifiées 31, ajoutées 187
  Sonde RLS réelle : 17 utilisateurs, 255 cellules, 38 écart(s)
  Accès : 19 appartenances historiques évaluées ; pertes 6 (déclarées 6) ; réductions de visibilité 1 ; hausses 0 ; bloquants 0
     déclaré : admin-a@invalid.local perd l'accès à « Entreprise Isolation A » — essai EXPIRÉ (fin d'essai passée) : l'expiration est désormais appliquée EN BASE (20260928000803 billing_lifecycle_trial_expiry_enforced) ; en 210 l'application redirigeait déjà vers /abonnement-suspendu (getContexteEntreprise, fcdd4e7c).
     déclaré : chef-equipe-a@invalid.local perd l'accès à « Entreprise Isolation A » — essai EXPIRÉ (fin d'essai passée) : l'expiration est désormais appliquée EN BASE (20260928000803 billing_lifecycle_trial_expiry_enforced) ; en 210 l'application redirigeait déjà vers /abonnement-suspendu (getContexteEntreprise, fcdd4e7c).
     déclaré : comptable-a@invalid.local perd l'accès à « Entreprise Isolation A » — essai EXPIRÉ (fin d'essai passée) : l'expiration est désormais appliquée EN BASE (20260928000803 billing_lifecycle_trial_expiry_enforced) ; en 210 l'application redirigeait déjà vers /abonnement-suspendu (getContexteEntreprise, fcdd4e7c).
     déclaré : conducteur-a@invalid.local perd l'accès à « Entreprise Isolation A » — essai EXPIRÉ (fin d'essai passée) : l'expiration est désormais appliquée EN BASE (20260928000803 billing_lifecycle_trial_expiry_enforced) ; en 210 l'application redirigeait déjà vers /abonnement-suspendu (getContexteEntreprise, fcdd4e7c).
     déclaré : dirigeant-a@invalid.local perd l'accès à « Entreprise Isolation A » — essai EXPIRÉ (fin d'essai passée) : l'expiration est désormais appliquée EN BASE (20260928000803 billing_lifecycle_trial_expiry_enforced) ; en 210 l'application redirigeait déjà vers /abonnement-suspendu (getContexteEntreprise, fcdd4e7c).
     déclaré : ouvrier-a@invalid.local perd l'accès à « Entreprise Isolation A » — essai EXPIRÉ (fin d'essai passée) : l'expiration est désormais appliquée EN BASE (20260928000803 billing_lifecycle_trial_expiry_enforced) ; en 210 l'application redirigeait déjà vers /abonnement-suspendu (getContexteEntreprise, fcdd4e7c).
     réduction : sans-poste@entreprise-test.invalid / affectations : 7800 → 0 — PL-05 (20260923000327 / 000346) : la lecture du planning d'autrui exige gerer_planning / voir_pointages_equipe / voir_heures_chantiers ; un membre sans ces permissions ne voit plus que ses propres affectations.

== 16. Contrôles de données : zéro perte ==
  Zéro perte : 153 tables / 56188 lignes d'avant comparées ; 8 table(s) différente(s) ; 13 écart(s) déclaré(s) ; P0 = 0
     déclaré  : public.devis : -0 ~350 +0 [updated_at(350)] — 20260921000300 : le backfill de lignes_devis.entreprise_id déclenche trg_recalc_devis (montants recalculés IDENTIQUES, updated_at = instant de l'upgrade : UPG-P3-1) ; 20260908000272 / 20260922000308 : snapshots NULL renseignés, marqués provenance=backfill_identite_actuelle + identite_incertaine.
     déclaré  : public.employes.taux_horaire déplacée vers public.employes_taux_facture.taux_horaire.employe_id : toutes les valeurs retrouvées
     déclaré  : public.employes.cout_horaire déplacée vers public.employes_cout_horaire.cout_horaire.employe_id : toutes les valeurs retrouvées
     déclaré  : public.employes : -0 ~68 +0 [] — 20260818000205 / 20260922000328 : coûts et taux horaires sortis de employes (données RH sensibles) vers des tables à accès restreint ; valeurs vérifiées une à une.
     déclaré  : public.entreprises : -0 ~6 +0 [abonnement_essai_debut∅→(6), abonnement_essai_fin(1), abonnement_essai_fin∅→(5)] — 20260816000204 (C6-B, hors ordre) : fenêtre d'essai de 30 jours renseignée pour les entreprises antérieures à 231 (debut = création) ; UPG-P2-1 : une fin d'essai Stripe > création + 30 j est TRONQUÉE à création + 30 (changement rétroactif, sans effet sur un contrat payant).
     déclaré  : public.factures : -0 ~232 +0 [entreprise_snapshot∅→(232), updated_at(230)] — Idem devis : 20260921000300 (recalcul, montants identiques, updated_at rafraîchi) ; 20260908000272 / 20260926000501 : snapshot émetteur des factures émises renseigné s'il était NULL, marqué identite_incertaine (jamais écrasé).
     déclaré  : public.historique_tarification : -0 ~0 +5 [] — 20260901000254 : journal de réconciliation du catalogue (ajouts seulement).
     déclaré  : public.plans_abonnement : -0 ~5 +8 [actif(5), valide_au∅→(5)] — 20260815000200 / 20260816000201 (TARIFS-V2) / 20260901000254 / 20260928000802 : versions de catalogue désactivées (actif=false, valide_au) et nouvelles versions ajoutées ; prix, codes et ids des versions existantes INCHANGÉS ; aucun contrat remappé (checks/legacy_offers.test.sql).
     déclaré  : public.plateforme_admins : -0 ~0 +1 [] — 20260825000233 : ajout du compte administrateur plateforme julien@elsatia.fr (rôle total) — décision propriétaire, jamais appliquée en Production 210 ; à confirmer au cutover (UPG-SEC-1).
     déclaré  : storage.buckets : -0 ~0 +7 [] — Buckets privés des nouvelles applications (Colors, Réserves, Studio, Relevé, communications) ; aucun bucket existant modifié.
     déclaré  : critique historiques : +5 / -0 — journal de réconciliation tarifaire
     déclaré  : critique plans_historiques : +8 / -0 — nouvelles versions de catalogue ; toute version d'avant conservée à l'identique
     déclaré  : critique support : +1 / -0 — administrateur plateforme ajouté par 20260825000233
     VERDICT : ZERO_PERTE

== 17. Performance sanity ==
     ✓ moyenne      liste_devis               154.06 ms →    309.34 ms
     ✓ moyenne      liste_factures             99.22 ms →    183.78 ms
     ✓ moyenne      lignes_devis_recents      596.84 ms →   1318.20 ms
     ✓ moyenne      pointages_mois            826.75 ms →   1436.94 ms
     ⚠ moyenne      planning_semaine           41.80 ms →    837.83 ms
     ✓ moyenne      clients_recherche          51.17 ms →    113.74 ms
     ✓ moyenne      journal_recent            143.78 ms →    325.93 ms
     ✓ moyenne      documents_chantier         28.23 ms →     24.76 ms
     ✓ volumetrique liste_devis               113.37 ms →    210.73 ms
     ✓ volumetrique liste_factures             79.39 ms →    158.69 ms
     ✓ volumetrique lignes_devis_recents      374.03 ms →   1112.47 ms
     ✓ volumetrique pointages_mois            591.94 ms →    946.46 ms
     ⚠ volumetrique planning_semaine           36.03 ms →    382.49 ms
     ✓ volumetrique clients_recherche          47.33 ms →     80.92 ms
     ✓ volumetrique journal_recent            228.35 ms →    401.23 ms
     ✓ volumetrique documents_chantier         39.59 ms →     64.67 ms
  Performance sanity : 16 mesures, 0 régression(s) bloquante(s)
  Classification : 183 migrations
    verrous  : SAFE=82, CAUTION=101, MAINTENANCE_WINDOW_REQUIRED=0
    rollback : REVERSIBLE=6, FORWARD_ONLY=24, RESTORE_REQUIRED=153
    plus lentes : 20260921000300_correctif_perf_ 820.1 ms, 20260818000206_historiser_cout 223.2 ms, 20260908000272_client_document 103.9 ms
    fenêtre de maintenance : aucune
  plan qualifié écrit : <scratch>/run4/target-877a4b9f.json (183 migrations, préconditions bloquantes ['bloquant_essai_hors_fenetre', 'bloquant_essai_perpetuel'])

VERDICT HARNAIS : ✅ UPGRADE QUALIFIÉ (h210_v500_rem → 877a4b9f284150e5d4f06fd68250f3ea19ff62a1, 391 migrations). Preuves : <scratch>/run4
