  11 dashboard_indicateurs p50=21.1 p95=26.2 max=26.2 err=0 octets=146845
  11 gp_dashboard_chantiers p50=3.8 p95=5.2 max=5.2 err=0 octets=1025
  11 gp_options_chantiers p50=4.3 p95=6.3 max=6.3 err=0 octets=20887
  11 notifications_8 p50=2 p95=3.3 max=3.3 err=0 octets=2
  11 devis_liste_page1 p50=1.2 p95=1.2 max=1.2 err=0 octets=629
  11 devis_liste_offset_profond p50=958.4 p95=2043.1 max=2043.1 err=0 octets=3578
  11 factures_sans_limite p50=2218.6 p95=3517.5 max=3517.5 err=0 octets=48998
  11 taches_a_faire p50=8855.2 p95=10074 max=10074 err=0 octets=8236
  11 documents_page p50=1296.6 p95=2514.3 max=2514.3 err=0 octets=3443
tenant 11 (1000) ok
  12 dashboard_indicateurs p50=49.6 p95=58.9 max=58.9 err=0 octets=729865
  12 gp_dashboard_chantiers p50=4.3 p95=8.2 max=8.2 err=0 octets=1843
  12 gp_options_chantiers p50=6.7 p95=11.6 max=11.6 err=0 octets=104781
  12 notifications_8 p50=2.4 p95=4 max=4 err=0 octets=2
  12 devis_liste_paginee_p1 p50=48 p95=58.1 max=58.1 err=0 octets=6778
  12 devis_liste_paginee_derniere p50=53.9 p95=57.3 max=57.3 err=0 octets=6753
  12 devis_recherche_texte p50=57.7 p95=69.8 max=69.8 err=0 octets=6818
  12 factures_liste_paginee_p1 p50=9.6 p95=20.8 max=20.8 err=0 octets=7442
  12 factures_impayees_p1 p50=3.8 p95=5.6 max=5.6 err=0 octets=100
  12 devis_direct_offset_profond p50=1914.5 p95=6023 max=6023 err=0 octets=3582
  12 factures_sans_limite p50=5849.6 p95=7291.1 max=7291.1 err=0 octets=48998
  12 taches_a_faire p50=10525 p95=10898.3 max=10898.3 err=0 octets=8283
  12 documents_page p50=8193.3 p95=8907.2 max=8907.2 err=0 octets=3389
tenant 12 (5000) ok
  13 dashboard_indicateurs p50=163.3 p95=186.5 max=186.5 err=0 octets=2874605
  13 gp_dashboard_chantiers p50=6.4 p95=7.1 max=7.1 err=0 octets=1858
  13 gp_options_chantiers p50=16.7 p95=19.8 max=19.8 err=0 octets=421467
  13 notifications_8 p50=2 p95=3.6 max=3.6 err=0 octets=2
  13 devis_liste_paginee_p1 p50=78.6 p95=88 max=88 err=0 octets=6815
  13 devis_liste_paginee_derniere p50=82.6 p95=90.1 max=90.1 err=0 octets=6857
  13 devis_recherche_texte p50=115.7 p95=123.9 max=123.9 err=0 octets=6726
  13 factures_liste_paginee_p1 p50=27.4 p95=29 max=29 err=0 octets=7424
  13 factures_impayees_p1 p50=9.9 p95=11.6 max=11.6 err=0 octets=100
  13 devis_direct_offset_profond p50=953 p95=1737.7 max=1737.7 err=0 octets=3610
  13 factures_sans_limite p50=22238 p95=26626.7 max=26626.7 err=0 octets=48998
  13 taches_a_faire p50=25326.4 p95=43975.9 max=43975.9 err=0 octets=8283
  13 documents_page p50=65152.4 p95=69139.9 max=69139.9 err=0 octets=3389
tenant 13 (20000) ok
  14 dashboard_indicateurs p50=1658.7 p95=1826.8 max=1826.8 err=0 octets=7312851
  14 gp_dashboard_chantiers p50=26.1 p95=31.5 max=31.5 err=0 octets=1866
  14 gp_options_chantiers p50=126 p95=158.4 max=158.4 err=0 octets=1056737
  14 notifications_8 p50=7.2 p95=11.6 max=11.6 err=0 octets=2
  14 devis_liste_paginee_p1 p50=185.2 p95=657.1 max=657.1 err=0 octets=6854
  14 devis_liste_paginee_derniere p50=200.5 p95=287.2 max=287.2 err=0 octets=6841
  14 devis_recherche_texte p50=868.4 p95=975.7 max=975.7 err=0 octets=6917
  14 factures_liste_paginee_p1 p50=328.5 p95=349.3 max=349.3 err=0 octets=7492
  14 factures_impayees_p1 p50=139.8 p95=156 max=156 err=0 octets=100
  14 devis_direct_offset_profond p50=2572.4 p95=3107.4 max=3107.4 err=0 octets=3700
