# Base : soak — 20 sessions parallèles
ok   - C1 exactement une liaison (1)
ok   - C1 aucune erreur (0)
ok   - C1 un seul contrat (1)
ok   - C1 prix contractuel canonique (Mini 79 €) (79.00)
ok   - C1 une décision journalisée (1)
ok   - C1 statut essai (trialing) (essai)
ok   - C2 une seule liaison (1)
ok   - C2 l'autre subscription toujours refusée (42501) (10)
ok   - C2 une subscription courante (oui)
ok   - C3 20/20 entreprises annulées (aucune réouverture par facture tardive) (20)
ok   - C3 aucune erreur (0)
ok   - C3 une décision par événement (80)
ok   - C3 factures conservées (historique) (20)
ok   - C4 le paiement gagne l'égalité à la seconde (actif)
ok   - C4 aucune erreur (0)
ok   - C4 deux décisions (une par événement) (2)
ok   - C5 aucune erreur (0)
ok   - C5 droits = offre facturée (business/annuel)
ok   - C5 contrat au prix canonique (business:4490.00)
ok   - C6 aucune erreur (0)
ok   - C6 état final = événement le plus récent (actif)
ok   - C6 filigrane = dernier événement (evt_c6_20)
# PASS=22 FAIL=0
