# Base : soak — 20 lecteurs × 150 observations par scénario
ok   - P1 lectures effectuées (3000)
ok   - P1 GP observé fermé au moins une fois (le cycle a bien eu lieu pendant les lectures) (oui)
ok   - P1 Tools / Colors / Réserves JAMAIS observés fermés (0)
ok   - P1 ligne de droit toujours lisible (3 applications) (0)
ok   - P1 aucune erreur (lecteurs et écrivains) (0)
ok   - P1 lignes de droit strictement inchangées (colors:true:active:-:2026-10-03 02:00:41.84773+00,reserves:true:entitled:-:2026-10-03 02:00:41.84773+00,tools:true:active:-:2026-10-03 02:00:41.84773+00)
ok   - P1 GP final réabonné, tout ouvert (true/true/true/true)
ok   - P1 aucune suspension globale déduite (0)
ok   - P2 subscription terminée : Tools annulé quel que soit l'ordre (cancelled)
ok   - P2 GP / Colors / Réserves JAMAIS observés fermés (compte) (0)
ok   - P2 Tools observé fermé pendant le cycle (oui)
ok   - P2 réabonnement Tools : rouvert (true/true/true/true)
ok   - P2 une décision par événement (5/5)
ok   - P2 réabonnement appliqué une seule fois (1)
ok   - P2 aucune erreur (0)
ok   - P2 état GP (entreprise) non touché (actif:sub_pa_2)
ok   - P3 chaque application dans SON état (GP fermé, Tools réabonné, Colors fermé, Réserves ouvert) (false/true/false/true)
ok   - P3 Réserves JAMAIS observé fermé (0)
ok   - P3 aucune erreur (0)
ok   - P4 observations : jamais un mélange ouvert / fermé entre applications (3000)
ok   - P4 la suspension a bien été observée pendant les lectures (oui)
ok   - P4 levée : tout rouvert, sans reconnexion (true/true/true/true)
ok   - P4 aucune erreur (0)
ok   - P5 une seule décision appliquée (1)
ok   - P5 les autres livraisons : déjà traité (19)
ok   - P5 une ligne d'audit (1)
ok   - P5 aucune erreur (0)
# PASS=27 FAIL=0
