# Base : soak — 20 sessions parallèles
ok   - R1 exactement un rattachement (1)
ok   - R1 les autres : deja_lie (19)
ok   - R1 aucune erreur (0)
ok   - R1 un seul historique (1)
ok   - R2 une seule subscription gagne (1)
ok   - R2 toutes les autres refusées (42501) (19)
ok   - R2 la gagnante est la subscription courante (sub_cr_new_1_1)
ok   - R3 aucune erreur (0)
ok   - R3 état final actif (jamais suspendu par l'ancienne) (actif)
ok   - R3 aucun événement de l'ancienne appliqué (0)
ok   - R3 tous les événements de l'ancienne journalisés sans effet (10)
ok   - R4 une seule application (1)
ok   - R4 les autres : deja_traite (19)
ok   - R4 journal : une ligne (1)
ok   - R4 droits rendus (actif)
ok   - R5 aucune erreur hors refus 42501 re-livrable (0)
ok   - R5 la nouvelle est courante (sub_cr_new_4)
ok   - R5 état final actif (actif)
ok   - R5 un seul remplacement (1)
ok   - R5 essai clos (aucun nouvel essai) (true)
# PASS=20 FAIL=0
