[14:15:25] intl-base
[14:19:33] fin intl-base
[14:19:33] intl-intl
[14:23:39] fin intl-intl
[14:23:39] mix-base
[14:35:10] fin mix-base
[14:35:10] mix-apres
[14:46:36] fin mix-apres
[14:46:36] intense-base
[14:51:46] fin intense-base
[14:51:46] intense-apres
[14:56:53] fin intense-apres
[14:57:52] lim-512-defaut
[15:02:56] fin lim-512-defaut
[15:02:56] lim-512-heap256
[15:08:00] fin lim-512-heap256
[15:08:00] lim-1024-defaut
[15:13:10] fin lim-1024-defaut
[15:13:10] lim-1024-heap512
[15:18:16] fin lim-1024-heap512
[15:18:16] lim-2048-defaut
[15:23:29] fin lim-2048-defaut
[15:23:29] lim-2048-heap1024
[15:28:37] fin lim-2048-heap1024
[15:28:37] lim-1024-defaut-base
[15:33:41] fin lim-1024-defaut-base
[15:33:41] pdf-1024-c1-apres
[15:38:55] fin pdf-1024-c1-apres
[15:38:55] pdf-2048-c2-apres
[15:44:08] fin pdf-2048-c2-apres
[15:44:08] pdf-2048-base
[15:49:15] fin pdf-2048-base
[15:49:23] lim-512-heap256-10vu
[15:54:34] fin lim-512-heap256-10vu
[15:54:34] lim-512-defaut-10vu
[15:59:42] fin lim-512-defaut-10vu
[15:59:42] froid-1
[16:02:43] fin froid-1
[16:02:43] chaud-1
[16:05:59] fin chaud-1
[16:05:59] froid-2
[16:08:56] fin froid-2
[16:08:56] chaud-2
[16:12:12] fin chaud-2
[16:12:12] route-dashboard-base
[16:16:21] fin route-dashboard-base
[16:16:21] route-dashboard-apres
[16:20:29] fin route-dashboard-apres
[16:20:29] route-planning-base
[16:24:36] fin route-planning-base
[16:24:36] route-planning-apres
[16:28:42] fin route-planning-apres
[16:28:42] route-pointages-base
[16:32:49] fin route-pointages-base
[16:32:49] route-pointages-apres
[16:36:57] fin route-pointages-apres
